// Jest Snapshot v1, https://goo.gl/fbAQLP

exports[`App should render the Signup Component correctly 1`] = `
<div
  className="App"
>
  <header
    className="mainHeader"
  >
    <h1>
      HappyCat.
    </h1>
  </header>
  <Signup />
</div>
`;
